--------------------------------------------------------------------------------------
Timing Analyzer Summary
--------------------------------------------------------------------------------------

Type           : Worst-case tsu
Slack          : N/A
Required Time  : None
Actual Time    : 5.004 ns
From           : reset
To             : vga640480:u1|clkv
From Clock     : --
To Clock       : clk_0
Failed Paths   : 0

Type           : Worst-case tco
Slack          : N/A
Required Time  : None
Actual Time    : 27.777 ns
From           : vga640480:u1|vector_x[4]
To             : g[0]
From Clock     : clk_0
To Clock       : --
Failed Paths   : 0

Type           : Worst-case th
Slack          : N/A
Required Time  : None
Actual Time    : 2.146 ns
From           : reset
To             : controller:u5|mX
From Clock     : --
To Clock       : clk_0
Failed Paths   : 0

Type           : Clock Setup: 'clk_0'
Slack          : N/A
Required Time  : None
Actual Time    : 113.24 MHz ( period = 8.831 ns )
From           : vga640480:u1|startx[2]
To             : vga640480:u1|address[12]
From Clock     : clk_0
To Clock       : clk_0
Failed Paths   : 0

Type           : Clock Hold: 'clk_0'
Slack          : Not operational: Clock Skew > Data Delay
Required Time  : None
Actual Time    : N/A
From           : controller:u5|Keyboard:u0|code[2]
To             : controller:u5|Keyboard:u0|break
From Clock     : clk_0
To Clock       : clk_0
Failed Paths   : 40

Type           : Total number of failed paths
Slack          : 
Required Time  : 
Actual Time    : 
From           : 
To             : 
From Clock     : 
To Clock       : 
Failed Paths   : 40

--------------------------------------------------------------------------------------

